// Jest Snapshot v1, https://goo.gl/fbAQLP

exports[`<ComicList> Renders correctly 1`] = `
<styled.ul
  onScroll={[Function]}
>
  <li>
    There is no comics registered from this super-hero
  </li>
</styled.ul>
`;
