// Jest Snapshot v1, https://goo.gl/fbAQLP

exports[`<FavoritesListItem> Renders correctly 1`] = `<styled.li />`;
