// Jest Snapshot v1, https://goo.gl/fbAQLP

exports[`<FavoritesList> Renders correctly 1`] = `<styled.ul />`;
