// Jest Snapshot v1, https://goo.gl/fbAQLP

exports[`<FavoriteButton> Renders correctly 1`] = `
<styled.a
  onClick={[Function]}
>
  <img
    alt="favorite button"
    src="fav.png"
  />
</styled.a>
`;
