// Jest Snapshot v1, https://goo.gl/fbAQLP

exports[`<ModalCharacterInfo> Renders correctly 1`] = `""`;
