// Jest Snapshot v1, https://goo.gl/fbAQLP

exports[`<SearchInput> Renders correctly 1`] = `
<styled.input
  placeholder="Search"
  type="text"
/>
`;
